[INFO] Scanning for projects...
[INFO] 
[INFO] ----------------------< com.backend:auth-service >----------------------
[INFO] Building  0.0.1-SNAPSHOT
[INFO]   from pom.xml
[INFO] --------------------------------[ jar ]---------------------------------
[INFO] 
[INFO] >>> spring-boot:4.1.0:run (default-cli) > test-compile @ auth-service >>>
[INFO] 
[INFO] --- resources:3.5.0:resources (default-resources) @ auth-service ---
[INFO] Copying 1 resource from src\main\resources to target\classes
[INFO] Copying 0 resource from src\main\resources to target\classes
[INFO] 
[INFO] --- compiler:3.15.0:compile (default-compile) @ auth-service ---
[INFO] Nothing to compile - all classes are up to date.
[INFO] 
[INFO] --- resources:3.5.0:testResources (default-testResources) @ auth-service ---
[INFO] skip non existing resourceDirectory D:\mcasem3\Antigravity\SkillSwap-Platform\backend\auth-service\src\test\resources
[INFO] 
[INFO] --- compiler:3.15.0:testCompile (default-testCompile) @ auth-service ---
[INFO] Nothing to compile - all classes are up to date.
[INFO] 
[INFO] <<< spring-boot:4.1.0:run (default-cli) < test-compile @ auth-service <<<
[INFO] 
[INFO] 
[INFO] --- spring-boot:4.1.0:run (default-cli) @ auth-service ---
[INFO] Attaching agents: []

  .   ____          _            __ _ _
 /\\ / ___'_ __ _ _(_)_ __  __ _ \ \ \ \
( ( )\___ | '_ | '_| | '_ \/ _` | \ \ \ \
 \\/  ___)| |_)| | | | | || (_| |  ) ) ) )
  '  |____| .__|_| |_|_| |_\__, | / / / /
 =========|_|==============|___/=/_/_/_/

 :: Spring Boot ::                (v4.1.0)

2026-09-26T11:38:52.106+05:30  INFO 2160 --- [auth-service] [  restartedMain] c.b.auth_service.AuthServiceApplication  : Starting AuthServiceApplication using Java 21.0.10 with PID 2160 (D:\mcasem3\Antigravity\SkillSwap-Platform\backend\auth-service\target\classes started by admin in D:\mcasem3\Antigravity\SkillSwap-Platform\backend\auth-service)
2026-09-26T11:38:52.115+05:30  INFO 2160 --- [auth-service] [  restartedMain] c.b.auth_service.AuthServiceApplication  : No active profile set, falling back to 1 default profile: "default"
2026-09-26T11:38:52.393+05:30  INFO 2160 --- [auth-service] [  restartedMain] .e.DevToolsPropertyDefaultsPostProcessor : Devtools property defaults active! Set 'spring.devtools.add-properties' to 'false' to disable
2026-09-26T11:38:52.393+05:30  INFO 2160 --- [auth-service] [  restartedMain] .e.DevToolsPropertyDefaultsPostProcessor : For additional web related logging consider setting the 'logging.level.web' property to 'DEBUG'
2026-09-26T11:38:56.092+05:30  INFO 2160 --- [auth-service] [  restartedMain] .s.d.r.c.RepositoryConfigurationDelegate : Bootstrapping Spring Data JPA repositories in DEFAULT mode.
2026-09-26T11:38:56.944+05:30  INFO 2160 --- [auth-service] [  restartedMain] .s.d.r.c.RepositoryConfigurationDelegate : Finished Spring Data repository scanning in 816 ms. Found 3 JPA repository interfaces.
2026-09-26T11:38:58.475+05:30  INFO 2160 --- [auth-service] [  restartedMain] o.s.cloud.context.scope.GenericScope     : BeanFactory id=ec97d55e-7101-304c-8c70-0c6157b8a197
2026-09-26T11:39:00.558+05:30  INFO 2160 --- [auth-service] [  restartedMain] o.s.boot.tomcat.TomcatWebServer          : Tomcat initialized with port 8085 (http)
2026-09-26T11:39:00.616+05:30  INFO 2160 --- [auth-service] [  restartedMain] o.apache.catalina.core.StandardService   : Starting service [Tomcat]
2026-09-26T11:39:00.617+05:30  INFO 2160 --- [auth-service] [  restartedMain] o.apache.catalina.core.StandardEngine    : Starting Servlet engine: [Apache Tomcat/11.0.22]
2026-09-26T11:39:00.850+05:30  INFO 2160 --- [auth-service] [  restartedMain] b.w.c.s.WebApplicationContextInitializer : Root WebApplicationContext: initialization completed in 8453 ms
2026-09-26T11:39:01.671+05:30  INFO 2160 --- [auth-service] [  restartedMain] org.hibernate.orm.jpa                    : HHH008540: Processing PersistenceUnitInfo [name: default]
2026-09-26T11:39:01.965+05:30  INFO 2160 --- [auth-service] [  restartedMain] org.hibernate.orm.core                   : HHH000001: Hibernate ORM core version 7.4.1.Final
2026-09-26T11:39:04.409+05:30  INFO 2160 --- [auth-service] [  restartedMain] o.s.o.j.p.SpringPersistenceUnitInfo      : No LoadTimeWeaver setup: ignoring JPA class transformer
2026-09-26T11:39:04.526+05:30  INFO 2160 --- [auth-service] [  restartedMain] com.zaxxer.hikari.HikariDataSource       : HikariPool-1 - Starting...
2026-09-26T11:39:06.452+05:30  INFO 2160 --- [auth-service] [  restartedMain] com.zaxxer.hikari.pool.HikariPool        : HikariPool-1 - Added connection org.postgresql.jdbc.PgConnection@5d05a85f
2026-09-26T11:39:06.455+05:30  INFO 2160 --- [auth-service] [  restartedMain] com.zaxxer.hikari.HikariDataSource       : HikariPool-1 - Start completed.
2026-09-26T11:39:06.647+05:30  WARN 2160 --- [auth-service] [  restartedMain] org.hibernate.orm.deprecation            : HHH90000025: PostgreSQLDialect does not need to be specified explicitly using 'hibernate.dialect' (remove the property setting and it will be selected by default)
2026-09-26T11:39:07.142+05:30  INFO 2160 --- [auth-service] [  restartedMain] org.hibernate.orm.connections.pooling    : HHH10001005: Database info:
	Database JDBC URL [jdbc:postgresql://ep-misty-scene-azuktg60-pooler.c-3.ap-southeast-1.aws.neon.tech:5432/skillswap_auth_db?sslmode=require]
	Database driver: PostgreSQL JDBC Driver
	Database dialect: PostgreSQLDialect
	Database version: 18.6
	Default catalog/schema: skillswap_auth_db/public
	Autocommit mode: undefined/unknown
	Isolation level: READ_COMMITTED [default READ_COMMITTED]
	JDBC fetch size: none
	Pool: DataSourceConnectionProvider
	Minimum pool size: undefined/unknown
	Maximum pool size: undefined/unknown
2026-09-26T11:39:13.470+05:30  INFO 2160 --- [auth-service] [  restartedMain] org.hibernate.orm.core                   : HHH000489: No JTA platform available (set 'hibernate.transaction.jta.platform' to enable JTA platform integration)
2026-09-26T11:39:14.425+05:30  INFO 2160 --- [auth-service] [  restartedMain] j.LocalContainerEntityManagerFactoryBean : Initialized JPA EntityManagerFactory for persistence unit 'default'
2026-09-26T11:39:14.612+05:30  INFO 2160 --- [auth-service] [  restartedMain] o.s.d.j.r.query.QueryEnhancerFactories   : Hibernate is in classpath; If applicable, HQL parser will be used.
2026-09-26T11:39:15.497+05:30  WARN 2160 --- [auth-service] [  restartedMain] JpaBaseConfiguration$JpaWebConfiguration : spring.jpa.open-in-view is enabled by default. Therefore, database queries may be performed during view rendering. Explicitly configure spring.jpa.open-in-view to disable this warning
2026-09-26T11:39:18.931+05:30  INFO 2160 --- [auth-service] [  restartedMain] DiscoveryClientOptionalArgsConfiguration : Eureka HTTP Client uses RestClient.
2026-09-26T11:39:19.087+05:30  WARN 2160 --- [auth-service] [  restartedMain] iguration$LoadBalancerCaffeineWarnLogger : Spring Cloud LoadBalancer is currently working with the default cache. While this cache implementation is useful for development and tests, it's recommended to use Caffeine cache in production.You can switch to using Caffeine cache, by adding it and org.springframework.cache.caffeine.CaffeineCacheManager to the classpath.
2026-09-26T11:39:19.176+05:30  INFO 2160 --- [auth-service] [  restartedMain] o.s.c.n.eureka.InstanceInfoFactory       : Setting initial instance status as: STARTING
2026-09-26T11:39:19.278+05:30  INFO 2160 --- [auth-service] [  restartedMain] com.netflix.discovery.DiscoveryClient    : Initializing Eureka in region us-east-1
2026-09-26T11:39:19.287+05:30  INFO 2160 --- [auth-service] [  restartedMain] c.n.d.s.r.aws.ConfigClusterResolver      : Resolving eureka endpoints via configuration
2026-09-26T11:39:19.313+05:30  INFO 2160 --- [auth-service] [  restartedMain] com.netflix.discovery.DiscoveryClient    : Disable delta property : false
2026-09-26T11:39:19.314+05:30  INFO 2160 --- [auth-service] [  restartedMain] com.netflix.discovery.DiscoveryClient    : Single vip registry refresh property : null
2026-09-26T11:39:19.314+05:30  INFO 2160 --- [auth-service] [  restartedMain] com.netflix.discovery.DiscoveryClient    : Force full registry fetch : false
2026-09-26T11:39:19.315+05:30  INFO 2160 --- [auth-service] [  restartedMain] com.netflix.discovery.DiscoveryClient    : Application is null : false
2026-09-26T11:39:19.316+05:30  INFO 2160 --- [auth-service] [  restartedMain] com.netflix.discovery.DiscoveryClient    : Registered Applications size is zero : true
2026-09-26T11:39:19.316+05:30  INFO 2160 --- [auth-service] [  restartedMain] com.netflix.discovery.DiscoveryClient    : Application version is -1: true
2026-09-26T11:39:19.316+05:30  INFO 2160 --- [auth-service] [  restartedMain] com.netflix.discovery.DiscoveryClient    : Getting all instance registry info from the eureka server
2026-09-26T11:39:20.149+05:30  INFO 2160 --- [auth-service] [  restartedMain] com.netflix.discovery.DiscoveryClient    : The response status is 200
2026-09-26T11:39:20.153+05:30  INFO 2160 --- [auth-service] [  restartedMain] com.netflix.discovery.DiscoveryClient    : Starting heartbeat executor: renew interval is: 30
2026-09-26T11:39:20.159+05:30  INFO 2160 --- [auth-service] [  restartedMain] c.n.discovery.InstanceInfoReplicator     : InstanceInfoReplicator onDemand update allowed rate per min is 4
2026-09-26T11:39:20.163+05:30  INFO 2160 --- [auth-service] [  restartedMain] com.netflix.discovery.DiscoveryClient    : Discovery Client initialized at timestamp 1790402960161 with initial instances count: 5
2026-09-26T11:39:20.171+05:30  INFO 2160 --- [auth-service] [  restartedMain] o.s.c.n.e.s.EurekaServiceRegistry        : Registering application AUTH-SERVICE with eureka with status UP
2026-09-26T11:39:20.172+05:30  INFO 2160 --- [auth-service] [  restartedMain] com.netflix.discovery.DiscoveryClient    : Saw local status change event StatusChangeEvent [timestamp=1790402960172, current=UP, previous=STARTING]
2026-09-26T11:39:20.176+05:30  INFO 2160 --- [auth-service] [foReplicator-%d] com.netflix.discovery.DiscoveryClient    : DiscoveryClient_AUTH-SERVICE/DESKTOP-SD50FSL.mshome.net:auth-service:8085: registering service...
2026-09-26T11:39:20.196+05:30  INFO 2160 --- [auth-service] [  restartedMain] o.s.c.n.e.s.EurekaServiceRegistry        : Unregistering application AUTH-SERVICE with eureka with status DOWN
2026-09-26T11:39:20.197+05:30  INFO 2160 --- [auth-service] [  restartedMain] com.netflix.discovery.DiscoveryClient    : Saw local status change event StatusChangeEvent [timestamp=1790402960197, current=DOWN, previous=UP]
2026-09-26T11:39:20.198+05:30  WARN 2160 --- [auth-service] [  restartedMain] ConfigServletWebServerApplicationContext : Exception encountered during context initialization - cancelling refresh attempt: org.springframework.context.ApplicationContextException: Failed to start bean 'webServerStartStop'
2026-09-26T11:39:20.205+05:30  INFO 2160 --- [auth-service] [  restartedMain] j.LocalContainerEntityManagerFactoryBean : Closing JPA EntityManagerFactory for persistence unit 'default'
2026-09-26T11:39:20.211+05:30  INFO 2160 --- [auth-service] [  restartedMain] com.zaxxer.hikari.HikariDataSource       : HikariPool-1 - Shutdown initiated...
2026-09-26T11:39:20.259+05:30  INFO 2160 --- [auth-service] [foReplicator-%d] com.netflix.discovery.DiscoveryClient    : DiscoveryClient_AUTH-SERVICE/DESKTOP-SD50FSL.mshome.net:auth-service:8085 - registration status: 204
2026-09-26T11:39:20.259+05:30  INFO 2160 --- [auth-service] [foReplicator-%d] com.netflix.discovery.DiscoveryClient    : DiscoveryClient_AUTH-SERVICE/DESKTOP-SD50FSL.mshome.net:auth-service:8085: registering service...
2026-09-26T11:39:20.265+05:30  INFO 2160 --- [auth-service] [foReplicator-%d] com.netflix.discovery.DiscoveryClient    : DiscoveryClient_AUTH-SERVICE/DESKTOP-SD50FSL.ms2026-09-26T11:39:31.805+05:30  INFO 2076 --- [auth-service] [beatExecutor-%d] com.netflix.discovery.DiscoveryClient    : DiscoveryClient_AUTH-SERVICE/DESKTOP-SD50FSL.mshome.net:auth-service:8085 - Re-registering apps/AUTH-SERVICE
2026-09-26T11:39:31.806+05:30  INFO 2076 --- [auth-service] [beatExecutor-%d] com.netflix.discovery.DiscoveryClient    : DiscoveryClient_AUTH-SERVICE/DESKTOP-SD50FSL.mshome.net:auth-service:8085: registering service...
2026-09-26T11:39:31.808+05:30  INFO 2076 --- [auth-service] [foReplicator-%d] com.netflix.discovery.DiscoveryClient    : DiscoveryClient_AUTH-SERVICE/DESKTOP-SD50FSL.mshome.net:auth-service:8085: registering service...
2026-09-26T11:39:31.819+05:30  INFO 2076 --- [auth-service] [beatExecutor-%d] com.netflix.discovery.DiscoveryClient    : DiscoveryClient_AUTH-SERVICE/DESKTOP-SD50FSL.mshome.net:auth-service:8085 - registration status: 204
2026-09-26T11:39:31.831+05:30  INFO 2076 --- [auth-service] [foReplicator-%d] com.netflix.discovery.DiscoveryClient    : DiscoveryClient_AUTH-SERVICE/DESKTOP-SD50FSL.mshome.net:auth-service:8085 - registration status: 204
2026-09-26T11:42:31.045+05:30  INFO 2076 --- [auth-service] [rap-executor-%d] c.n.d.s.r.aws.ConfigClusterResolver      : Resolving eureka endpoints via configuration
2026-09-26T11:42:35.641+05:30  INFO 2076 --- [auth-service] [nio-8085-exec-2] o.a.c.c.C.[Tomcat].[localhost].[/]       : Initializing Spring DispatcherServlet 'dispatcherServlet'
2026-09-26T11:42:35.642+05:30  INFO 2076 --- [auth-service] [nio-8085-exec-2] o.s.web.servlet.DispatcherServlet        : Initializing Servlet 'dispatcherServlet'
2026-09-26T11:42:35.654+05:30  INFO 2076 --- [auth-service] [nio-8085-exec-2] o.s.web.servlet.DispatcherServlet        : Completed initialization in 11 ms
GOOGLE LOGIN SUCCESS
EMAIL : alkeshbakotiya000@gmail.com
AUTH MODE : login
Hibernate: 
    select
        u1_0.id,
  