[INFO] Scanning for projects...
[INFO] 
[INFO] ------------------< com.backend:browse-skill-service >------------------
[INFO] Building  0.0.1-SNAPSHOT
[INFO]   from pom.xml
[INFO] --------------------------------[ jar ]---------------------------------
[INFO] 
[INFO] >>> spring-boot:4.1.0:run (default-cli) > test-compile @ browse-skill-service >>>
[INFO] 
[INFO] --- resources:3.5.0:resources (default-resources) @ browse-skill-service ---
[INFO] Copying 1 resource from src\main\resources to target\classes
[INFO] Copying 0 resource from src\main\resources to target\classes
[INFO] 
[INFO] --- compiler:3.15.0:compile (default-compile) @ browse-skill-service ---
[INFO] Nothing to compile - all classes are up to date.
[INFO] 
[INFO] --- resources:3.5.0:testResources (default-testResources) @ browse-skill-service ---
[INFO] skip non existing resourceDirectory D:\mcasem3\Antigravity\SkillSwap-Platform\backend\browse-skill-service\src\test\resources
[INFO] 
[INFO] --- compiler:3.15.0:testCompile (default-testCompile) @ browse-skill-service ---
[INFO] Nothing to compile - all classes are up to date.
[INFO] 
[INFO] <<< spring-boot:4.1.0:run (default-cli) < test-compile @ browse-skill-service <<<
[INFO] 
[INFO] 
[INFO] --- spring-boot:4.1.0:run (default-cli) @ browse-skill-service ---
[INFO] Attaching agents: []

  .   ____          _            __ _ _
 /\\ / ___'_ __ _ _(_)_ __  __ _ \ \ \ \
( ( )\___ | '_ | '_| | '_ \/ _` | \ \ \ \
 \\/  ___)| |_)| | | | | || (_| |  ) ) ) )
  '  |____| .__|_| |_|_| |_\__, | / / / /
 =========|_|==============|___/=/_/_/_/

 :: Spring Boot ::                (v4.1.0)

2026-09-26T11:39:02.581+05:30  INFO 13192 --- [browse-skill-service] [  restartedMain] c.b.b.BrowseSkillServiceApplication      : Starting BrowseSkillServiceApplication using Java 21.0.10 with PID 13192 (D:\mcasem3\Antigravity\SkillSwap-Platform\backend\browse-skill-service\target\classes started by admin in D:\mcasem3\Antigravity\SkillSwap-Platform\backend\browse-skill-service)
2026-09-26T11:39:02.588+05:30  INFO 13192 --- [browse-skill-service] [  restartedMain] c.b.b.BrowseSkillServiceApplication      : No active profile set, falling back to 1 default profile: "default"
2026-09-26T11:39:02.844+05:30  INFO 13192 --- [browse-skill-service] [  restartedMain] .e.DevToolsPropertyDefaultsPostProcessor : Devtools property defaults active! Set 'spring.devtools.add-properties' to 'false' to disable
2026-09-26T11:39:02.845+05:30  INFO 13192 --- [browse-skill-service] [  restartedMain] .e.DevToolsPropertyDefaultsPostProcessor : For additional web related logging consider setting the 'logging.level.web' property to 'DEBUG'
2026-09-26T11:39:06.319+05:30  INFO 13192 --- [browse-skill-service] [  restartedMain] o.s.cloud.context.scope.GenericScope     : BeanFactory id=48eb570d-8169-3e20-ba05-44882a780753
2026-09-26T11:39:08.267+05:30  INFO 13192 --- [browse-skill-service] [  restartedMain] o.s.boot.tomcat.TomcatWebServer          : Tomcat initialized with port 8089 (http)
2026-09-26T11:39:08.337+05:30  INFO 13192 --- [browse-skill-service] [  restartedMain] o.apache.catalina.core.StandardService   : Starting service [Tomcat]
2026-09-26T11:39:08.339+05:30  INFO 13192 --- [browse-skill-service] [  restartedMain] o.apache.catalina.core.StandardEngine    : Starting Servlet engine: [Apache Tomcat/11.0.22]
2026-09-26T11:39:08.487+05:30  INFO 13192 --- [browse-skill-service] [  restartedMain] b.w.c.s.WebApplicationContextInitializer : Root WebApplicationContext: initialization completed in 5639 ms
2026-09-26T11:39:13.616+05:30  WARN 13192 --- [browse-skill-service] [  restartedMain] .s.a.UserDetailsServiceAutoConfiguration : 

Using generated security password: 3f15f7b7-9d2c-4272-8344-27677bfe22b6

This generated password is for development use only. Your security configuration must be updated before running your application in production.

2026-09-26T11:39:13.634+05:30  INFO 13192 --- [browse-skill-service] [  restartedMain] r$InitializeUserDetailsManagerConfigurer : Global AuthenticationManager configured with UserDetailsService bean with name inMemoryUserDetailsManager
2026-09-26T11:39:15.484+05:30  INFO 13192 --- [browse-skill-service] [  restartedMain] DiscoveryClientOptionalArgsConfiguration : Eureka HTTP Client uses RestClient.
2026-09-26T11:39:15.666+05:30  WARN 13192 --- [browse-skill-service] [  restartedMain] iguration$LoadBalancerCaffeineWarnLogger : Spring Cloud LoadBalancer is currently working with the default cache. While this cache implementation is useful for development and tests, it's recommended to use Caffeine cache in production.You can switch to using Caffeine cache, by adding it and org.springframework.cache.caffeine.CaffeineCacheManager to the classpath.
2026-09-26T11:39:15.801+05:30  INFO 13192 --- [browse-skill-service] [  restartedMain] o.s.c.n.eureka.InstanceInfoFactory       : Setting initial instance status as: STARTING
2026-09-26T11:39:15.877+05:30  INFO 13192 --- [browse-skill-service] [  restartedMain] com.netflix.discovery.DiscoveryClient    : Initializing Eureka in region us-east-1
2026-09-26T11:39:15.884+05:30  INFO 13192 --- [browse-skill-service] [  restartedMain] c.n.d.s.r.aws.ConfigClusterResolver      : Resolving eureka endpoints via configuration
2026-09-26T11:39:15.907+05:30  INFO 13192 --- [browse-skill-service] [  restartedMain] com.netflix.discovery.DiscoveryClient    : Disable delta property : false
2026-09-26T11:39:15.907+05:30  INFO 13192 --- [browse-skill-service] [  restartedMain] com.netflix.discovery.DiscoveryClient    : Single vip registry refresh property : null
2026-09-26T11:39:15.909+05:30  INFO 13192 --- [browse-skill-service] [  restartedMain] com.netflix.discovery.DiscoveryClient    : Force full registry fetch : false
2026-09-26T11:39:15.909+05:30  INFO 13192 --- [browse-skill-service] [  restartedMain] com.netflix.discovery.DiscoveryClient    : Application is null : false
2026-09-26T11:39:15.909+05:30  INFO 13192 --- [browse-skill-service] [  restartedMain] com.netflix.discovery.DiscoveryClient    : Registered Applications size is zero : true
2026-09-26T11:39:15.910+05:30  INFO 13192 --- [browse-skill-service] [  restartedMain] com.netflix.discovery.DiscoveryClient    : Application version is -1: true
2026-09-26T11:39:15.911+05:30  INFO 13192 --- [browse-skill-service] [  restartedMain] com.netflix.discovery.DiscoveryClient    : Getting all instance registry info from the eureka server
2026-09-26T11:39:17.282+05:30  INFO 13192 --- [browse-skill-service] [  restartedMain] com.netflix.discovery.DiscoveryClient    : The response status is 200
2026-09-26T11:39:17.287+05:30  INFO 13192 --- [browse-skill-service] [  restartedMain] com.netflix.discovery.DiscoveryClient    : Starting heartbeat executor: renew interval is: 30
2026-09-26T11:39:17.298+05:30  INFO 13192 --- [browse-skill-service] [  restartedMain] c.n.discovery.InstanceInfoReplicator     : InstanceInfoReplicator onDemand update allowed rate per min is 4
2026-09-26T11:39:17.303+05:30  INFO 13192 --- [browse-skill-service] [  restartedMain] com.netflix.discovery.DiscoveryClient    : Discovery Client initialized at timestamp 1790402957300 with initial instances count: 5
2026-09-26T11:39:17.314+05:30  INFO 13192 --- [browse-skill-service] [  restartedMain] o.s.c.n.e.s.EurekaServiceRegistry        : Registering application BROWSE-SKILL-SERVICE with eureka with status UP
2026-09-26T11:39:17.315+05:30  INFO 13192 --- [browse-skill-service] [  restartedMain] com.netflix.discovery.DiscoveryClient    : Saw local status change event StatusChangeEvent [timestamp=1790402957315, current=UP, previous=STARTING]
2026-09-26T11:39:17.318+05:30  INFO 13192 --- [browse-skill-service] [foReplicator-%d] com.netflix.discovery.DiscoveryClient    : DiscoveryClient_BROWSE-SKILL-SERVICE/DESKTOP-SD50FSL.mshome.net:browse-skill-service:8089: registering service...
2026-09-26T11:39:17.352+05:30  INFO 13192 --- [browse-skill-service] [  restartedMain] o.s.c.n.e.s.EurekaServiceRegistry        : Unregistering application BROWSE-SKILL-SERVICE with eureka with status DOWN
2026-09-26T11:39:17.353+05:30  INFO 13192 --- [browse-skill-service] [  restartedMain] com.netflix.discovery.DiscoveryClient    : Saw local status change event StatusChangeEvent [timestamp=1790402957353, current=DOWN, previous=UP]
2026-09-26T11:39:17.353+05:30  WARN 13192 --- [browse-skill-service] [  restartedMain] ConfigServletWebServerApplicationContext : Exception encountered during context initialization - cancelling refresh attempt: org.springframework.context.ApplicationContextException: Failed to start bean 'webServerStartStop'
2026-09-26T11:39:17.365+05:30  INFO 13192 --- [browse2026-09-26T11:39:31.057+05:30  INFO 16908 --- [browse-skill-service] [beatExecutor-%d] com.netflix.discovery.DiscoveryClient    : DiscoveryClient_BROWSE-SKILL-SERVICE/DESKTOP-SD50FSL.mshome.net:browse-skill-service:8089 - Re-registering apps/BROWSE-SKILL-SERVICE
2026-09-26T11:39:31.060+05:30  INFO 16908 --- [browse-skill-service] [beatExecutor-%d] com.netflix.discovery.DiscoveryClient    : DiscoveryClient_BROWSE-SKILL-SERVICE/DESKTOP-SD50FSL.mshome.net:browse-skill-service:8089: registering service...
2026-09-26T11:39:31.068+05:30  INFO 16908 --- [browse-skill-service] [beatExecutor-%d] com.netflix.discovery.DiscoveryClient    : DiscoveryClient_BROWSE-SKILL-SERVICE/DESKTOP-SD50FSL.mshome.net:browse-skill-service:8089 - registration status: 204
2026-09-26T11:42:29.889+05:30  INFO 16908 --- [browse-skill-service] [rap-executor-%d] c.n.d.s.r.aws.ConfigClusterResolver      : Resolving eureka endpoints via configuration
2026-09-26T11:43:05.584+05:30  INFO 16908 --- [browse-skill-service] [nio-8089-exec-2] o.a.c.c.C.[Tomcat].[localhost].[/]       : Initializing Spring DispatcherServlet 'dispatcherServlet'
2026-09-26T11:43:05.588+05:30  INFO 16908 --- [browse-skill-service] [nio-8089-exec-2] o.s.web.servlet.DispatcherServlet        : Initializing Servlet 'dispatcherServlet'
2026-09-26T11:43:05.608+05:30  INFO 16908 --- [browse-skill-service] [nio-8089-exec-2] o.s.web.servlet.DispatcherServlet        : Completed initialization in 18 ms
2026-09-26T11:47:29.894+05:30  INFO 16908 --- [browse-skill-service] [rap-executor-%d] c.n.d.s.r.aws.ConfigClusterResolver      : Resolving eureka endpoints via configuration
2026-09-26T11:52:29.896+05:30  INFO 16908 --- [browse-skill-service] [rap-executor-%d] c.n.d.s.r.aws.ConfigClusterResolver      : Resolving eureka endpoints via configuration
2026-09-26T11:57:29.897+05:30  INFO 16908 --- [browse-skill-service] [rap-executor-%d] c.n.d.s.r.aws.ConfigClusterResolver      : Resolving eureka endpoints via configuration
2026-09-26T12:02:29.903+05:30  INFO 16908 --- [browse-skill-service] [rap-executor-%d] c.n.d.s.r.aws.ConfigClusterResolver      : Resolving eureka endpoints via configuration
2026-09-26T12:07:29.907+05:30  INFO 16908 --- [browse-skill-service] [rap-executor-%d] c.n.d.s.r.aws.ConfigClusterResolver      : Resolving eureka endpoints via configuration
at: 2026-09-26T11:39:17+05:30
[INFO] ------------------------------------------------------------------------
