[INFO] Scanning for projects...
[INFO] 
[INFO] --------------------< com.backend:service-registry >--------------------
[INFO] Building  0.0.1-SNAPSHOT
[INFO]   from pom.xml
[INFO] --------------------------------[ jar ]---------------------------------
[INFO] 
[INFO] >>> spring-boot:4.1.0:run (default-cli) > test-compile @ service-registry >>>
[INFO] 
[INFO] --- resources:3.5.0:resources (default-resources) @ service-registry ---
[INFO] Copying 1 resource from src\main\resources to target\classes
[INFO] Copying 0 resource from src\main\resources to target\classes
[INFO] 
[INFO] --- compiler:3.15.0:compile (default-compile) @ service-registry ---
[INFO] Nothing to compile - all classes are up to date.
[INFO] 
[INFO] --- resources:3.5.0:testResources (default-testResources) @ service-registry ---
[INFO] skip non existing resourceDirectory D:\mcasem3\Antigravity\SkillSwap-Platform\backend\service-registry\src\test\resources
[INFO] 
[INFO] --- compiler:3.15.0:testCompile (default-testCompile) @ service-registry ---
[INFO] Nothing to compile - all classes are up to date.
[INFO] 
[INFO] <<< spring-boot:4.1.0:run (default-cli) < test-compile @ service-registry <<<
[INFO] 
[INFO] 
[INFO] --- spring-boot:4.1.0:run (default-cli) @ service-registry ---
[INFO] Attaching agents: []

  .   ____          _            __ _ _
 /\\ / ___'_ __ _ _(_)_ __  __ _ \ \ \ \
( ( )\___ | '_ | '_| | '_ \/ _` | \ \ \ \
 \\/  ___)| |_)| | | | | || (_| |  ) ) ) )
  '  |____| .__|_| |_|_| |_\__, | / / / /
 =========|_|==============|___/=/_/_/_/

 :: Spring Boot ::                (v4.1.0)

2026-09-26T11:38:02.682+05:30  INFO 16460 --- [service-registry] [           main] c.b.s.ServiceRegistryApplication         : Starting ServiceRegistryApplication using Java 21.0.10 with PID 16460 (D:\mcasem3\Antigravity\SkillSwap-Platform\backend\service-registry\target\classes started by admin in D:\mcasem3\Antigravity\SkillSwap-Platform\backend\service-registry)
2026-09-26T11:38:02.692+05:30  INFO 16460 --- [service-registry] [           main] c.b.s.ServiceRegistryApplication         : No active profile set, falling back to 1 default profile: "default"
2026-09-26T11:38:07.366+05:30  INFO 16460 --- [service-registry] [           main] o.s.cloud.context.scope.GenericScope     : BeanFactory id=29ae514e-1145-386b-a836-d233a57a7f44
2026-09-26T11:38:08.392+05:30  INFO 16460 --- [service-registry] [           main] o.s.boot.tomcat.TomcatWebServer          : Tomcat initialized with port 8761 (http)
2026-09-26T11:38:08.436+05:30  INFO 16460 --- [service-registry] [           main] o.apache.catalina.core.StandardService   : Starting service [Tomcat]
2026-09-26T11:38:08.436+05:30  INFO 16460 --- [service-registry] [           main] o.apache.catalina.core.StandardEngine    : Starting Servlet engine: [Apache Tomcat/11.0.22]
2026-09-26T11:38:08.689+05:30  INFO 16460 --- [service-registry] [           main] b.w.c.s.WebApplicationContextInitializer : Root WebApplicationContext: initialization completed in 5802 ms
2026-09-26T11:38:12.443+05:30  INFO 16460 --- [service-registry] [           main] c.n.d.provider.DiscoveryJerseyProvider   : Using JSON encoding codec LegacyJacksonJson
2026-09-26T11:38:12.444+05:30  INFO 16460 --- [service-registry] [           main] c.n.d.provider.DiscoveryJerseyProvider   : Using JSON decoding codec LegacyJacksonJson
2026-09-26T11:38:13.254+05:30  INFO 16460 --- [service-registry] [           main] c.n.d.provider.DiscoveryJerseyProvider   : Using XML encoding codec XStreamXml
2026-09-26T11:38:13.254+05:30  INFO 16460 --- [service-registry] [           main] c.n.d.provider.DiscoveryJerseyProvider   : Using XML decoding codec XStreamXml
2026-09-26T11:38:13.860+05:30  INFO 16460 --- [service-registry] [           main] o.s.v.b.OptionalValidatorFactoryBean     : Failed to set up a Bean Validation provider: jakarta.validation.NoProviderFoundException: Unable to create a Configuration, because no Jakarta Validation provider could be found. Add a provider like Hibernate Validator (RI) to your classpath.
2026-09-26T11:38:27.053+05:30  WARN 16460 --- [service-registry] [           main] iguration$LoadBalancerCaffeineWarnLogger : Spring Cloud LoadBalancer is currently working with the default cache. While this cache implementation is useful for development and tests, it's recommended to use Caffeine cache in production.You can switch to using Caffeine cache, by adding it and org.springframework.cache.caffeine.CaffeineCacheManager to the classpath.
2026-09-26T11:38:27.197+05:30  INFO 16460 --- [service-registry] [           main] o.s.c.n.eureka.InstanceInfoFactory       : Setting initial instance status as: STARTING
2026-09-26T11:38:27.283+05:30  INFO 16460 --- [service-registry] [           main] com.netflix.discovery.DiscoveryClient    : Initializing Eureka in region us-east-1
2026-09-26T11:38:27.284+05:30  INFO 16460 --- [service-registry] [           main] com.netflix.discovery.DiscoveryClient    : Client configured to neither register nor query for data.
2026-09-26T11:38:27.328+05:30  INFO 16460 --- [service-registry] [           main] com.netflix.discovery.DiscoveryClient    : Discovery Client initialized at timestamp 1790402907293 with initial instances count: 0
2026-09-26T11:38:27.497+05:30  INFO 16460 --- [service-registry] [           main] c.n.eureka.DefaultEurekaServerContext    : Initializing ...
2026-09-26T11:38:27.506+05:30  INFO 16460 --- [service-registry] [           main] c.n.eureka.cluster.PeerEurekaNodes       : Adding new peer nodes [http://localhost:8761/eureka/]
2026-09-26T11:38:28.126+05:30  INFO 16460 --- [service-registry] [           main] c.n.d.provider.DiscoveryJerseyProvider   : Using JSON encoding codec LegacyJacksonJson
2026-09-26T11:38:28.126+05:30  INFO 16460 --- [service-registry] [           main] c.n.d.provider.DiscoveryJerseyProvider   : Using JSON decoding codec LegacyJacksonJson
2026-09-26T11:38:28.126+05:30  INFO 16460 --- [service-registry] [           main] c.n.d.provider.DiscoveryJerseyProvider   : Using XML encoding codec XStreamXml
2026-09-26T11:38:28.126+05:30  INFO 16460 --- [service-registry] [           main] c.n.d.provider.DiscoveryJerseyProvider   : Using XML decoding codec XStreamXml
2026-09-26T11:38:28.330+05:30  INFO 16460 --- [service-registry] [           main] c.n.eureka.cluster.PeerEurekaNodes       : Replica node URL:  http://localhost:8761/eureka/
2026-09-26T11:38:28.392+05:30  INFO 16460 --- [service-registry] [           main] c.n.e.registry.AbstractInstanceRegistry  : Finished initializing remote region registries. All known remote regions: []
2026-09-26T11:38:28.392+05:30  INFO 16460 --- [service-registry] [           main] c.n.eureka.DefaultEurekaServerContext    : Initialized
2026-09-26T11:38:28.419+05:30  INFO 16460 --- [service-registry] [           main] o.s.b.a.e.web.EndpointLinksResolver      : Exposing 1 endpoint beneath base path '/actuator'
2026-09-26T11:38:28.782+05:30  INFO 16460 --- [service-registry] [           main] o.s.c.n.e.s.EurekaServiceRegistry        : Registering application SERVICE-REGISTRY with eureka with status UP
2026-09-26T11:38:28.890+05:30  INFO 16460 --- [service-registry] [       Thread-9] o.s.c.n.e.server.EurekaServerBootstrap   : isAws returned false
2026-09-26T11:38:28.890+05:30  INFO 16460 --- [service-registry] [       Thread-9] o.s.c.n.e.server.EurekaServerBootstrap   : Initialized server context
2026-09-26T11:38:28.891+05:30  INFO 16460 --- [service-registry] [       Thread-9] c.n.e.r.PeerAwareInstanceRegistryImpl    : Got 1 instances from neighboring DS node
2026-09-26T11:38:28.891+05:30  INFO 16460 --- [service-registry] [       Thread-9] c.n.e.r.PeerAwareInstanceRegistryImpl    : Renew threshold is: 1
2026-09-26T11:38:28.892+05:30  INFO 16460 --- [service-registry] [       Thread-9] c.n.e.r.PeerAwareInstanceRegistryImpl    : Changing status to UP
2026-09-26T11:38:28.903+05:30  INFO 16460 --- [service-registry] [       Thread-9] e.s.EurekaServerInitializerConfiguration : Started Eureka Server
2026-09-26T11:38:29.073+05:30  INFO 16460 --- [service-registry] [           main] o.s.c.n.e.s.EurekaServiceRegistry        : Unregistering application SERVICE-REGISTRY with eureka with status DOWN
2026-09-26T11:38:29.073+05:30  INFO 16460 --- [service-registry] [           main] o.s.c.n.e.server.EurekaServerBootstrap   : Shutting down Eureka Server..
2026-09-26T11:38:29.073+05:30  INFO 16460 --- [service-registry] [           main] c.n.eureka.DefaultEurekaServerContext    : Shutting down ...
2026-09-26T11:38:29.075+05:30  INFO 16460 --- [service-registry] [           main] c.n.eureka.DefaultEurekaServerContext    : Shut down
2026-09-26T11:38:29.075+05:30  INFO 16460 --- [service-registry] [           main] o.s.c.n.e.server.EurekaServerBootstrap   : Eureka Service is now shutdown...
2026-09-26T11:38:29.076+05:30  WARN 16460 --- [service-registry] [           main] ConfigServletWebServerApplicationContext : Exception encountered during context initialization - cancelling refresh attempt: org.springframework.context.ApplicationContextException: Failed to start bean 'webServerStartStop'
2026-09-26T11:38:29.077+05:30  INFO 16460 --- [service-registry] [           main] c.n.eureka.DefaultEurekaServerContext    : Shutting down ...
2026-09-26T11:38:29.080+05:30  INFO 16460 --- [service-registry] [           main] c.n.eureka.DefaultEurekaServerContext    : Shut down
2026-09-26T11:38:29.088+05:30  INFO 16460 --- [service-registry] [           main] com.netflix.discovery.DiscoveryClient    : Shutting down DiscoveryClient ...
2026-09-26T11:38:29.088+05:30  INFO 16460 --- [service-registry] [           main] com.netflix.discovery.DiscoveryClient    : Completed shut down of DiscoveryClient
2026-09-26T11:38:29.075+05:30 ERROR 16460 --- [service-registry] [t-Conn-Cleaner2] c.n.d.s.t.j.EurekaJersey3ClientImpl      : Cannot clean connections

java.lang.IllegalStateException: Client instance has been closed.
	at org.glassfish.jersey.internal.guava.Preconditions.checkState(Preconditions.java:169) ~[jersey-common-4.0.2.jar:na]
	at org.glassfish.jersey.client.JerseyClient.checkNotClosed(JerseyClient.java:248) ~[jersey-client-4.0.2.jar:na]
	at org.glassfish.jersey.client.JerseyClient.getConfiguration(JerseyClient.java:363) ~[jersey-client-4.0.2.jar:na]
	at org.glassfish.jersey.client.JerseyClient.getConfiguration(JerseyClient.java:54) ~[jersey-client-4.0.2.jar:na]
	at com.netflix.discovery.shared.transport.jersey3.EurekaJersey3ClientImpl$ConnectionCleanerTask.run(EurekaJersey3ClientImpl.java:338) ~[eureka-client-jersey3-2.0.6.jar:2.0.6]
	at java.base/java.util.concurrent.Executors$RunnableAdapter.call(Executors.java:572) ~[na:na]
	at java.base/java.util.concurrent.FutureTask.run(FutureTask.java:317) ~[na:na]
	at java.base/java.util.concurrent.ScheduledThreadPoolExecutor$ScheduledFutureTask.run(ScheduledThreadPoolExecutor.java:304) ~[na:na]
	at java.base/java.util.concurrent.ThreadPoolExecutor.runWorker(ThreadPoolExecutor.java:1144) ~[na:na]
	at java.base/java.util.concurrent.ThreadPoolExecutor$Worker.run(ThreadPoolExecutor.java:642) ~[na:na]
	at java.base/java.lang.Thread.run(Thread.java:1583) ~[na:na]

2026-09-26T11:38:29.369+05:30  INFO 16460 --- [service-registry] [           main] .s.b.a.l.ConditionEvaluationReportLogger : 

Error starting ApplicationContext. To display the condition evaluation report re-run your application with 'debug' enabled.
2026-09-26T11:38:29.435+05:30 ERROR 16460 --- [service-registry] [           main] o.s.b.d.LoggingFailureAnalysisReporter   : 

***************************
APPLICATION FAILED TO START
***************************

Description:

Web server failed to start. Port 8761 was already in use.

Action2026-09-26T11:38:38.024+05:30  INFO 11312 --- [service-registry] [nio-8761-exec-9] c.n.e.registry.AbstractInstanceRegistry  : Registered instance API-GATEWAY/DESKTOP-SD50FSL.mshome.net:api-gateway:8086 with status UP (replication=false)
2026-09-26T11:38:38.290+05:30  INFO 11312 --- [service-registry] [io-8761-exec-10] c.n.e.registry.AbstractInstanceRegistry  : Registered instance API-GATEWAY/DESKTOP-SD50FSL.mshome.net:api-gateway:8086 with status UP (replication=true)
2026-09-26T11:38:41.037+05:30  INFO 11312 --- [service-registry] [nio-8761-exec-5] c.n.e.registry.AbstractInstanceRegistry  : Registered instance API-GATEWAY/DESKTOP-SD50FSL.mshome.net:api-gateway:8086 with status DOWN (replication=false)
2026-09-26T11:38:41.053+05:30  INFO 11312 --- [service-registry] [nio-8761-exec-1] c.n.e.registry.AbstractInstanceRegistry  : Cancelled instance API-GATEWAY/DESKTOP-SD50FSL.mshome.net:api-gateway:8086 (replication=false)
2026-09-26T11:38:41.571+05:30  INFO 11312 --- [service-registry] [nio-8761-exec-4] c.n.e.registry.AbstractInstanceRegistry  : Registered instance API-GATEWAY/DESKTOP-SD50FSL.mshome.net:api-gateway:8086 with status DOWN (replication=true)
2026-09-26T11:38:41.573+05:30  INFO 11312 --- [service-registry] [nio-8761-exec-4] c.n.e.registry.AbstractInstanceRegistry  : Cancelled instance API-GATEWAY/DESKTOP-SD50FSL.mshome.net:api-gateway:8086 (replication=true)
2026-09-26T11:38:43.774+05:30  INFO 11312 --- [service-registry] [a-EvictionTimer] c.n.e.registry.AbstractInstanceRegistry  : Running the evict task with compensationTime 35ms
2026-09-26T11:38:59.584+05:30  WARN 11312 --- [service-registry] [nio-8761-exec-4] c.n.e.registry.AbstractInstanceRegistry  : DS: Registry: lease doesn't exist, registering resource: API-GATEWAY - DESKTOP-SD50FSL.mshome.net:api-gateway:8086
2026-09-26T11:38:59.586+05:30  WARN 11312 --- [service-registry] [nio-8761-exec-4] c.n.eureka.resources.InstanceResource    : Not Found (Renew): API-GATEWAY - DESKTOP-SD50FSL.mshome.net:api-gateway:8086
2026-09-26T11:38:59.823+05:30  INFO 11312 --- [service-registry] [nio-8761-exec-8] c.n.e.registry.AbstractInstanceRegistry  : Registered instance API-GATEWAY/DESKTOP-SD50FSL.mshome.net:api-gateway:8086 with status UP (replication=false)
2026-09-26T11:39:00.340+05:30  INFO 11312 --- [service-registry] [nio-8761-exec-6] c.n.e.registry.AbstractInstanceRegistry  : Registered instance API-GATEWAY/DESKTOP-SD50FSL.mshome.net:api-gateway:8086 with status UP (replication=true)
2026-09-26T11:39:17.477+05:30  INFO 11312 --- [service-registry] [nio-8761-exec-1] c.n.e.registry.AbstractInstanceRegistry  : Registered instance BROWSE-SKILL-SERVICE/DESKTOP-SD50FSL.mshome.net:browse-skill-service:8089 with status DOWN (replication=false)
2026-09-26T11:39:17.486+05:30  INFO 11312 --- [service-registry] [nio-8761-exec-3] c.n.e.registry.AbstractInstanceRegistry  : Registered instance BROWSE-SKILL-SERVICE/DESKTOP-SD50FSL.mshome.net:browse-skill-service:8089 with status DOWN (replication=false)
2026-09-26T11:39:17.500+05:30  INFO 11312 --- [service-registry] [nio-8761-exec-2] c.n.e.registry.AbstractInstanceRegistry  : Cancelled instance BROWSE-SKILL-SERVICE/DESKTOP-SD50FSL.mshome.net:browse-skill-service:8089 (replication=false)
2026-09-26T11:39:17.994+05:30  INFO 11312 --- [service-registry] [nio-8761-exec-8] c.n.e.registry.AbstractInstanceRegistry  : Registered instance BROWSE-SKILL-SERVICE/DESKTOP-SD50FSL.mshome.net:browse-skill-service:8089 with status DOWN (replication=true)
2026-09-26T11:39:17.995+05:30  INFO 11312 --- [service-registry] [nio-8761-exec-8] c.n.e.registry.AbstractInstanceRegistry  : Cancelled instance BROWSE-SKILL-SERVICE/DESKTOP-SD50FSL.mshome.net:browse-skill-service:8089 (replication=true)
2026-09-26T11:39:20.257+05:30  INFO 11312 --- [service-registry] [nio-8761-exec-5] c.n.e.registry.AbstractInstanceRegistry  : Registered instance AUTH-SERVICE/DESKTOP-SD50FSL.mshome.net:auth-service:8085 with status DOWN (replication=false)
2026-09-26T11:39:20.264+05:30  INFO 11312 --- [service-registry] [nio-8761-exec-9] c.n.e.registry.AbstractInstanceRegistry  : Registered instance AUTH-SERVICE/DESKTOP-SD50FSL.mshome.net:auth-service:8085 with status DOWN (replication=false)
2026-09-26T11:39:20.771+05:30  INFO 11312 --- [service-registry] [io-8761-exec-10] c.n.e.registry.AbstractInstanceRegistry  : Registered instance AUTH-SERVICE/DESKTOP-SD50FSL.mshome.net:auth-service:8085 with status DOWN (replication=true)
2026-09-26T11:39:24.132+05:30  INFO 11312 --- [service-registry] [nio-8761-exec-1] c.n.e.registry.AbstractInstanceRegistry  : Cancelled instance AUTH-SERVICE/DESKTOP-SD50FSL.mshome.net:auth-service:8085 (replication=false)
2026-09-26T11:39:24.643+05:30  WARN 11312 --- [service-registry] [nio-8761-exec-7] c.n.e.registry.AbstractInstanceRegistry  : DS: Registry: cancel failed because Lease is not registered for: AUTH-SERVICE/DESKTOP-SD50FSL.mshome.net:auth-service:8085
2026-09-26T11:39:24.643+05:30  INFO 11312 --- [service-registry] [nio-8761-exec-7] c.n.eureka.resources.InstanceResource    : Not Found (Cancel): AUTH-SERVICE - DESKTOP-SD50FSL.mshome.net:auth-service:8085
2026-09-26T11:39:24.645+05:30  WARN 11312 --- [service-registry] [get_localhost-6] c.n.eureka.cluster.ReplicationTask       : The replication of task AUTH-SERVICE/DESKTOP-SD50FSL.mshome.net:auth-service:8085:Cancel@localhost failed with response code 404
2026-09-26T11:39:24.645+05:30  WARN 11312 --- [service-registry] [get_localhost-6] c.netflix.eureka.cluster.PeerEurekaNode  : AUTH-SERVICE/DESKTOP-SD50FSL.mshome.net:auth-service:8085:Cancel@localhost: missing entry.
2026-09-26T11:39:24.895+05:30  INFO 11312 --- [service-registry] [nio-8761-exec-8] c.n.e.registry.AbstractInstanceRegistry  : Registered instance PROFILE-SERVICE/DESKTOP-SD50FSL.mshome.net:profile-service:8087 with status DOWN (replication=false)
2026-09-26T11:39:24.903+05:30  INFO 11312 --- [service-registry] [nio-8761-exec-6] c.n.e.registry.AbstractInstanceRegistry  : Registered instance PROFILE-SERVICE/DESKTOP-SD50FSL.mshome.net:profile-service:8087 with status DOWN (replication=false)
2026-09-26T11:39:25.416+05:30  INFO 11312 --- [service-registry] [nio-8761-exec-5] c.n.e.registry.AbstractInstanceRegistry  : Registered instance PROFILE-SERVICE/DESKTOP-SD50FSL.mshome.net:profile-service:8087 with status DOWN (replication=true)
2026-09-26T11:39:27.461+05:30  INFO 11312 --- [service-registry] [io-8761-exec-10] c.n.e.registry.AbstractInstanceRegistry  : Registered instance SKILL-SWAP-REQUEST-SERVICE/DESKTOP-SD50FSL.mshome.net:skill-swap-request-service:8090 with status DOWN (replication=false)
2026-09-26T11:39:27.466+05:30  INFO 11312 --- [service-registry] [nio-8761-exec-1] c.n.e.registry.AbstractInstanceRegistry  : Registered instance SKILL-SWAP-REQUEST-SERVICE/DESKTOP-SD50FSL.mshome.net:skill-swap-request-service:8090 with status DOWN (replication=false)
2026-09-26T11:39:27.971+05:30  INFO 11312 --- [service-registry] [nio-8761-exec-3] c.n.e.registry.AbstractInstanceRegistry  : Registered instance SKILL-SWAP-REQUEST-SERVICE/DESKTOP-SD50FSL.mshome.net:skill-swap-request-service:8090 with status DOWN (replication=true)
2026-09-26T11:39:28.697+05:30  INFO 11312 --- [service-registry] [nio-8761-exec-2] c.n.e.registry.AbstractInstanceRegistry  : Cancelled instance PROFILE-SERVICE/DESKTOP-SD50FSL.mshome.net:profile-service:8087 (replication=false)
2026-09-26T11:39:29.207+05:30  WARN 11312 --- [service-registry] [nio-8761-exec-8] c.n.e.registry.AbstractInstanceRegistry  : DS: Registry: cancel failed because Lease is not registered for: PROFILE-SERVICE/DESKTOP-SD50FSL.mshome.net:profile-service:8087
2026-09-26T11:39:29.207+05:30  INFO 11312 --- [service-registry] [nio-8761-exec-8] c.n.eureka.resources.InstanceResource    : Not Found (Cancel): PROFILE-SERVICE - DESKTOP-SD50FSL.mshome.net:profile-service:8087
2026-09-26T11:39:29.209+05:30  WARN 11312 --- [service-registry] [et_localhost-13] c.n.eureka.cluster.ReplicationTask       : The replication of task PROFILE-SERVICE/DESKTOP-SD50FSL.mshome.net:profile-service:8087:Cancel@localhost failed with response code 404
2026-09-26T11:39:29.209+05:30  WARN 11312 --- [service-registry] [et_localhost-13] c.netflix.eureka.cluster.PeerEurekaNode  : PROFILE-SERVICE/DESKTOP-SD50FSL.mshome.net:profile-service:8087:Cancel@localhost: missing entry.
2026-09-26T11:39:31.047+05:30  WARN 11312 --- [service-registry] [nio-8761-exec-1] c.n.e.registry.AbstractInstanceRegistry  : DS: Registry: lease doesn't exist, registering resource: BROWSE-SKILL-SERVICE - DESKTOP-SD50FSL.mshome.net:browse-skill-service:8089
2026-09-26T11:39:31.047+05:30  WARN 11312 --- [service-registry] [nio-8761-exec-1] c.n.eureka.resources.InstanceResource    : Not Found (Renew): BROWSE-SKILL-SERVICE - DESKTOP-SD50FSL.mshome.net:browse-skill-service:8089
2026-09-26T11:39:31.066+05:30  INFO 11312 --- [service-registry] [nio-8761-exec-3] c.n.e.registry.AbstractInstanceRegistry  : Registered instance BROWSE-SKILL-SERVICE/DESKTOP-SD50FSL.mshome.net:browse-skill-service:8089 with status UP (replication=false)
2026-09-26T11:39:31.362+05:30  INFO 11312 --- [service-registry] [nio-8761-exec-2] c.n.e.registry.AbstractInstanceRegistry  : Cancelled instance SKILL-SWAP-REQUEST-SERVICE/DESKTOP-SD50FSL.mshome.net:skill-swap-request-service:8090 (replication=false)
2026-09-26T11:39:31.570+05:30  INFO 11312 --- [service-registry] [nio-8761-exec-8] c.n.e.registry.AbstractInstanceRegistry  : Registered instance BROWSE-SKILL-SERVICE/DESKTOP-SD50FSL.mshome.net:browse-skill-service:8089 with status UP (replication=true)
2026-09-26T11:39:31.570+05:30  WARN 11312 --- [service-registry] [nio-8761-exec-8] c.n.e.registry.AbstractInstanceRegistry  : DS: Registry: cancel failed because Lease is not registered for: SKILL-SWAP-REQUEST-SERVICE/DESKTOP-SD50FSL.mshome.net:skill-swap-request-service:8090
2026-09-26T11:39:31.571+05:30  INFO 11312 --- [service-registry] [nio-8761-exec-8] c.n.eureka.resources.InstanceResource    : Not Found (Cancel): SKILL-SWAP-REQUEST-SERVICE - DESKTOP-SD50FSL.mshome.net:skill-swap-request-service:8090
2026-09-26T11:39:31.572+05:30  WARN 11312 --- [service-registry] [get_localhost-3] c.n.eureka.cluster.ReplicationTask       : The replication of task SKILL-SWAP-REQUEST-SERVICE/DESKTOP-SD50FSL.mshome.net:skill-swap-request-service:8090:Cancel@localhost failed with response code 404
2026-09-26T11:39:31.573+05:30  WARN 11312 --- [service-registry] [get_localhost-3] c.netflix.eureka.cluster.PeerEurekaNode  : SKILL-SWAP-REQUEST-SERVICE/DESKTOP-SD50FSL.mshome.net:skill-swap-request-service:8090:Cancel@localhost: missing entry.
2026-09-26T11:39:31.789+05:30  WARN 11312 --- [service-registry] [nio-8761-exec-6] c.n.e.registry.AbstractInstanceRegistry  : DS: Registry: lease doesn't exist, registering resource: AUTH-SERVICE - DESKTOP-SD50FSL.mshome.net:auth-service:8085
2026-09-26T11:39:31.789+05:30  WARN 11312 --- [service-registry] [nio-8761-exec-6] c.n.eureka.resources.InstanceResource    : Not Found (Renew): AUTH-SERVICE - DESKTOP-SD50FSL.mshome.net:auth-service:8085
2026-09-26T11:39:31.817+05:30  INFO 11312 --- [service-registry] [nio-8761-exec-9] c.n.e.registry.AbstractInstanceRegistry  : Registered instance AUTH-SERVICE/DESKTOP-SD50FSL.mshome.net:auth-service:8085 with status UP (replication=false)
2026-09-26T11:39:31.828+05:30  INFO 11312 --- [service-registry] [io-8761-exec-10] c.n.e.registry.AbstractInstanceRegistry  : Registered instance AUTH-SERVICE/DESKTOP-SD50FSL.mshome.net:auth-service:8085 with status UP (replication=false)
2026-09-26T11:39:32.335+05:30  INFO 11312 --- [service-registry] [nio-8761-exec-1] c.n.e.registry.AbstractInstanceRegistry  : Registered instance AUTH-SERVICE/DESKTOP-SD50FSL.mshome.net:auth-service:8085 with status UP (replication=true)
2026-09-26T11:39:37.860+05:30  WARN 11312 --- [service-registry] [nio-8761-exec-3] c.n.e.registry.AbstractInstanceRegistry  : DS: Registry: lease doesn't exist, registering resource: PROFILE-SERVICE - DESKTOP-SD50FSL.mshome.net:profile-service:8087
2026-09-26T11:39:37.860+05:30  WARN 11312 --- [service-registry] [nio-8761-exec-3] c.n.eureka.resources.InstanceResource    : Not Found (Renew): PROFILE-SERVICE - DESKTOP-SD50FSL.mshome.net:profile-service:8087
2026-09-26T11:39:37.882+05:30  INFO 11312 --- [service-registry] [nio-8761-exec-4] c.n.e.registry.AbstractInstanceRegistry  : Registered instance PROFILE-SERVICE/DESKTOP-SD50FSL.mshome.net:profile-service:8087 with status UP (replication=false)
2026-09-26T11:39:38.388+05:30  INFO 11312 --- [service-registry] [nio-8761-exec-7] c.n.e.registry.AbstractInstanceRegistry  : Registered instance PROFILE-SERVICE/DESKTOP-SD50FSL.mshome.net:profile-service:8087 with status UP (replication=true)
2026-09-26T11:39:43.775+05:30  INFO 11312 --- [service-registry] [a-EvictionTimer] c.n.e.registry.AbstractInstanceRegistry  : Running the evict task with compensationTime 0ms
2026-09-26T11:39:44.613+05:30  WARN 11312 --- [service-registry] [nio-8761-exec-8] c.n.e.registry.AbstractInstanceRegistry  : DS: Registry: lease doesn't exist, registering resource: SKILL-SWAP-REQUEST-SERVICE - DESKTOP-SD50FSL.mshome.net:skill-swap-request-service:8090
2026-09-26T11:39:44.613+05:30  WARN 11312 --- [service-registry] [nio-8761-exec-8] c.n.eureka.resources.InstanceResource    : Not Found (Renew): SKILL-SWAP-REQUEST-SERVICE - DESKTOP-SD50FSL.mshome.net:skill-swap-request-service:8090
2026-09-26T11:39:44.639+05:30  INFO 11312 --- [service-registry] [nio-8761-exec-6] c.n.e.registry.AbstractInstanceRegistry  : Registered instance SKILL-SWAP-REQUEST-SERVICE/DESKTOP-SD50FSL.mshome.net:skill-swap-request-service:8090 with status UP (replication=false)
2026-09-26T11:39:44.648+05:30  INFO 11312 --- [service-registry] [nio-8761-exec-9] c.n.e.registry.AbstractInstanceRegistry  : Registered instance SKILL-SWAP-REQUEST-SERVICE/DESKTOP-SD50FSL.mshome.net:skill-swap-request-service:8090 with status UP (replication=false)
2026-09-26T11:39:45.163+05:30  INFO 11312 --- [service-registry] [io-8761-exec-10] c.n.e.registry.AbstractInstanceRegistry  : Registered instance SKILL-SWAP-REQUEST-SERVICE/DESKTOP-SD50FSL.mshome.net:skill-swap-request-service:8090 with status UP (replication=true)
2026-09-26T11:40:43.775+05:30  INFO 11312 --- [service-registry] [a-EvictionTimer] c.n.e.registry.AbstractInstanceRegistry  : Running the evict task with compensationTime 0ms
