[INFO] Scanning for projects...
[INFO] 
[INFO] ---------------< com.backend:skill-swap-request-service >---------------
[INFO] Building  0.0.1-SNAPSHOT
[INFO]   from pom.xml
[INFO] --------------------------------[ jar ]---------------------------------
[INFO] 
[INFO] >>> spring-boot:4.1.1:run (default-cli) > test-compile @ skill-swap-request-service >>>
[INFO] 
[INFO] --- resources:3.5.0:resources (default-resources) @ skill-swap-request-service ---
[INFO] Copying 1 resource from src\main\resources to target\classes
[INFO] Copying 0 resource from src\main\resources to target\classes
[INFO] 
[INFO] --- compiler:3.15.0:compile (default-compile) @ skill-swap-request-service ---
[INFO] Nothing to compile - all classes are up to date.
[INFO] 
[INFO] --- resources:3.5.0:testResources (default-testResources) @ skill-swap-request-service ---
[INFO] skip non existing resourceDirectory D:\mcasem3\Antigravity\SkillSwap-Platform\backend\skill-swap-request-service\src\test\resources
[INFO] 
[INFO] --- compiler:3.15.0:testCompile (default-testCompile) @ skill-swap-request-service ---
[INFO] Nothing to compile - all classes are up to date.
[INFO] 
[INFO] <<< spring-boot:4.1.1:run (default-cli) < test-compile @ skill-swap-request-service <<<
[INFO] 
[INFO] 
[INFO] --- spring-boot:4.1.1:run (default-cli) @ skill-swap-request-service ---
[INFO] Attaching agents: []

  .   ____          _            __ _ _
 /\\ / ___'_ __ _ _(_)_ __  __ _ \ \ \ \
( ( )\___ | '_ | '_| | '_ \/ _` | \ \ \ \
 \\/  ___)| |_)| | | | | || (_| |  ) ) ) )
  '  |____| .__|_| |_|_| |_\__, | / / / /
 =========|_|==============|___/=/_/_/_/

 :: Spring Boot ::                (v4.1.1)

2026-09-26T11:39:08.156+05:30  INFO 4936 --- [skill-swap-request-service] [           main] c.b.s.SkillSwapRequestServiceApplication : Starting SkillSwapRequestServiceApplication using Java 21.0.10 with PID 4936 (D:\mcasem3\Antigravity\SkillSwap-Platform\backend\skill-swap-request-service\target\classes started by admin in D:\mcasem3\Antigravity\SkillSwap-Platform\backend\skill-swap-request-service)
2026-09-26T11:39:08.168+05:30  INFO 4936 --- [skill-swap-request-service] [           main] c.b.s.SkillSwapRequestServiceApplication : No active profile set, falling back to 1 default profile: "default"
2026-09-26T11:39:13.448+05:30  INFO 4936 --- [skill-swap-request-service] [           main] .s.d.r.c.RepositoryConfigurationDelegate : Bootstrapping Spring Data JPA repositories in DEFAULT mode.
2026-09-26T11:39:13.909+05:30  INFO 4936 --- [skill-swap-request-service] [           main] .s.d.r.c.RepositoryConfigurationDelegate : Finished Spring Data repository scanning in 436 ms. Found 1 JPA repository interface.
2026-09-26T11:39:14.779+05:30  INFO 4936 --- [skill-swap-request-service] [           main] o.s.cloud.context.scope.GenericScope     : BeanFactory id=ab78322f-1c09-31a4-83fb-e767f72d85dc
2026-09-26T11:39:16.181+05:30  INFO 4936 --- [skill-swap-request-service] [           main] o.s.boot.tomcat.TomcatWebServer          : Tomcat initialized with port 8090 (http)
2026-09-26T11:39:16.226+05:30  INFO 4936 --- [skill-swap-request-service] [           main] o.apache.catalina.core.StandardService   : Starting service [Tomcat]
2026-09-26T11:39:16.226+05:30  INFO 4936 --- [skill-swap-request-service] [           main] o.apache.catalina.core.StandardEngine    : Starting Servlet engine: [Apache Tomcat/11.0.24]
2026-09-26T11:39:16.654+05:30  INFO 4936 --- [skill-swap-request-service] [           main] b.w.c.s.WebApplicationContextInitializer : Root WebApplicationContext: initialization completed in 8309 ms
2026-09-26T11:39:17.614+05:30  INFO 4936 --- [skill-swap-request-service] [           main] org.hibernate.orm.jpa                    : HHH008540: Processing PersistenceUnitInfo [name: default]
2026-09-26T11:39:17.852+05:30  INFO 4936 --- [skill-swap-request-service] [           main] org.hibernate.orm.core                   : HHH000001: Hibernate ORM core version 7.4.5.Final
2026-09-26T11:39:19.242+05:30  INFO 4936 --- [skill-swap-request-service] [           main] o.s.o.j.p.SpringPersistenceUnitInfo      : No LoadTimeWeaver setup: ignoring JPA class transformer
2026-09-26T11:39:19.359+05:30  INFO 4936 --- [skill-swap-request-service] [           main] com.zaxxer.hikari.HikariDataSource       : HikariPool-1 - Starting...
2026-09-26T11:39:21.014+05:30  INFO 4936 --- [skill-swap-request-service] [           main] com.zaxxer.hikari.pool.HikariPool        : HikariPool-1 - Added connection org.postgresql.jdbc.PgConnection@b5311cb
2026-09-26T11:39:21.017+05:30  INFO 4936 --- [skill-swap-request-service] [           main] com.zaxxer.hikari.HikariDataSource       : HikariPool-1 - Start completed.
2026-09-26T11:39:21.169+05:30  WARN 4936 --- [skill-swap-request-service] [           main] org.hibernate.orm.deprecation            : HHH90000025: PostgreSQLDialect does not need to be specified explicitly using 'hibernate.dialect' (remove the property setting and it will be selected by default)
2026-09-26T11:39:21.554+05:30  INFO 4936 --- [skill-swap-request-service] [           main] org.hibernate.orm.connections.pooling    : HHH10001005: Database info:
	Database JDBC URL [jdbc:postgresql://ep-misty-scene-azuktg60.c-3.ap-southeast-1.aws.neon.tech/skillswap_request_db?sslmode=require&channelBinding=require]
	Database driver: PostgreSQL JDBC Driver
	Database dialect: PostgreSQLDialect
	Database version: 18.6
	Default catalog/schema: skillswap_request_db/public
	Autocommit mode: undefined/unknown
	Isolation level: READ_COMMITTED [default READ_COMMITTED]
	JDBC fetch size: none
	Pool: DataSourceConnectionProvider
	Minimum pool size: undefined/unknown
	Maximum pool size: undefined/unknown
2026-09-26T11:39:23.559+05:30  INFO 4936 --- [skill-swap-request-service] [           main] org.hibernate.orm.core                   : HHH000489: No JTA platform available (set 'hibernate.transaction.jta.platform' to enable JTA platform integration)
2026-09-26T11:39:24.007+05:30  INFO 4936 --- [skill-swap-request-service] [           main] j.LocalContainerEntityManagerFactoryBean : Initialized JPA EntityManagerFactory for persistence unit 'default'
2026-09-26T11:39:24.172+05:30  INFO 4936 --- [skill-swap-request-service] [           main] o.s.d.j.r.query.QueryEnhancerFactories   : Hibernate is in classpath; If applicable, HQL parser will be used.
2026-09-26T11:39:24.924+05:30  WARN 4936 --- [skill-swap-request-service] [           main] JpaBaseConfiguration$JpaWebConfiguration : spring.jpa.open-in-view is enabled by default. Therefore, database queries may be performed during view rendering. Explicitly configure spring.jpa.open-in-view to disable this warning
2026-09-26T11:39:26.544+05:30  INFO 4936 --- [skill-swap-request-service] [           main] DiscoveryClientOptionalArgsConfiguration : Eureka HTTP Client uses RestClient.
2026-09-26T11:39:26.610+05:30  WARN 4936 --- [skill-swap-request-service] [           main] iguration$LoadBalancerCaffeineWarnLogger : Spring Cloud LoadBalancer is currently working with the default cache. While this cache implementation is useful for development and tests, it's recommended to use Caffeine cache in production.You can switch to using Caffeine cache, by adding it and org.springframework.cache.caffeine.CaffeineCacheManager to the classpath.
2026-09-26T11:39:26.685+05:30  INFO 4936 --- [skill-swap-request-service] [           main] o.s.c.n.eureka.InstanceInfoFactory       : Setting initial instance status as: STARTING
2026-09-26T11:39:26.730+05:30  INFO 4936 --- [skill-swap-request-service] [           main] com.netflix.discovery.DiscoveryClient    : Initializing Eureka in region us-east-1
2026-09-26T11:39:26.737+05:30  INFO 4936 --- [skill-swap-request-service] [           main] c.n.d.s.r.aws.ConfigClusterResolver      : Resolving eureka endpoints via configuration
2026-09-26T11:39:26.754+05:30  INFO 4936 --- [skill-swap-request-service] [           main] com.netflix.discovery.DiscoveryClient    : Disable delta property : false
2026-09-26T11:39:26.755+05:30  INFO 4936 --- [skill-swap-request-service] [           main] com.netflix.discovery.DiscoveryClient    : Single vip registry refresh property : null
2026-09-26T11:39:26.755+05:30  INFO 4936 --- [skill-swap-request-service] [           main] com.netflix.discovery.DiscoveryClient    : Force full registry fetch : false
2026-09-26T11:39:26.755+05:30  INFO 4936 --- [skill-swap-request-service] [           main] com.netflix.discovery.DiscoveryClient    : Application is null : false
2026-09-26T11:39:26.755+05:30  INFO 4936 --- [skill-swap-request-service] [           main] com.netflix.discovery.DiscoveryClient    : Registered Applications size is zero : true
2026-09-26T11:39:26.755+05:30  INFO 4936 --- [skill-swap-request-service] [           main] com.netflix.discovery.DiscoveryClient    : Application version is -1: true
2026-09-26T11:39:26.756+05:30  INFO 4936 --- [skill-swap-request-service] [           main] com.netflix.discovery.DiscoveryClient    : Getting all instance registry info from the eureka server
2026-09-26T11:39:27.362+05:30  INFO 4936 --- [skill-swap-request-service] [           main] com.netflix.discovery.DiscoveryClient    : The response status is 200
2026-09-26T11:39:27.369+05:30  INFO 4936 --- [skill-swap-request-service] [           main] com.netflix.discovery.DiscoveryClient    : Starting heartbeat executor: renew interval is: 30
2026-09-26T11:39:27.375+05:30  INFO 4936 --- [skill-swap-request-service] [           main] c.n.discovery.InstanceInfoReplicator     : InstanceInfoReplicator onDemand update allowed rate per min is 4
2026-09-26T11:39:27.383+05:30  INFO 4936 --- [skill-swap-request-service] [           main] com.netflix.discovery.DiscoveryClient    : Discovery Client initialized at timestamp 1790402967381 with initial instances count: 5
2026-09-26T11:39:27.392+05:30  INFO 4936 --- [skill-swap-request-service] [           main] o.s.c.n.e.s.EurekaServiceRegistry        : Registering application SKILL-SWAP-REQUEST-SERVICE with eureka with status UP
2026-09-26T11:39:27.392+05:30  INFO 4936 --- [skill-swap-request-service] [           main] com.netflix.discovery.DiscoveryClient    : Saw local status change event StatusChangeEvent [timestamp=1790402967392, current=UP, previous=STARTING]
2026-09-26T11:39:27.395+05:30  INFO 4936 --- [skill-swap-request-service] [foReplicator-%d] com.netflix.discovery.DiscoveryClient    : DiscoveryClient_SKILL-SWAP-REQUEST-SERVICE/DESKTOP-SD50FSL.mshome.net:skill-swap-request-service:8090: registering service...
2026-09-26T11:39:27.410+05:30  INFO 4936 --- [skill-swap-request-service] [           main] o.s.c.n.e.s.EurekaServiceRegistry        : Unregistering application SKILL-SWAP-REQUEST-SERVICE with eureka with status DOWN
2026-09-26T11:39:27.410+05:30  INFO 4936 --- [skill-swap-request-service] [           main] com.netflix.discovery.DiscoveryClient    : Saw local status change event StatusChangeEvent [timestamp=1790402967410, current=DOWN, previous=UP]
2026-09-26T11:39:27.411+05:30  WARN 4936 --- [skill-swap-request-service] [           main] ConfigServletWebServerApplicationContext : Exception encountered during context initialization - cancelling refresh attempt: org.springframework.context.ApplicationContextException: Failed to start bean 'webServerStartStop'
2026-09-26T11:39:27.420+05:30  INFO 4936 --- [skill-swap-request-service] [           main] j.LocalContainerEntityMa2026-09-26T11:39:44.624+05:30  INFO 13228 --- [skill-swap-request-service] [beatExecutor-%d] com.netflix.discovery.DiscoveryClient    : DiscoveryClient_SKILL-SWAP-REQUEST-SERVICE/DESKTOP-SD50FSL.mshome.net:skill-swap-request-service:8090 - Re-registering apps/SKILL-SWAP-REQUEST-SERVICE
2026-09-26T11:39:44.628+05:30  INFO 13228 --- [skill-swap-request-service] [beatExecutor-%d] com.netflix.discovery.DiscoveryClient    : DiscoveryClient_SKILL-SWAP-REQUEST-SERVICE/DESKTOP-SD50FSL.mshome.net:skill-swap-request-service:8090: registering service...
2026-09-26T11:39:44.630+05:30  INFO 13228 --- [skill-swap-request-service] [foReplicator-%d] com.netflix.discovery.DiscoveryClient    : DiscoveryClient_SKILL-SWAP-REQUEST-SERVICE/DESKTOP-SD50FSL.mshome.net:skill-swap-request-service:8090: registering service...
2026-09-26T11:39:44.640+05:30  INFO 13228 --- [skill-swap-request-service] [beatExecutor-%d] com.netflix.discovery.DiscoveryClient    : DiscoveryClient_SKILL-SWAP-REQUEST-SERVICE/DESKTOP-SD50FSL.mshome.net:skill-swap-request-service:8090 - registration status: 204
2026-09-26T11:39:44.650+05:30  INFO 13228 --- [skill-swap-request-service] [foReplicator-%d] com.netflix.discovery.DiscoveryClient    : DiscoveryClient_SKILL-SWAP-REQUEST-SERVICE/DESKTOP-SD50FSL.mshome.net:skill-swap-request-service:8090 - registration status: 204
2026-09-26T11:42:43.513+05:30  INFO 13228 --- [skill-swap-request-service] [rap-executor-%d] c.n.d.s.r.aws.ConfigClusterResolver      : Resolving eureka endpoints via configuration
2026-09-26T11:47:43.563+05:30  INFO 13228 --- [skill-swap-request-service] [rap-executor-%d] c.n.d.s.r.aws.ConfigClusterResolver      : Resolving eureka endpoints via configuration
2026-09-26T11:52:43.567+05:30  INFO 13228 --- [skill-swap-request-service] [rap-executor-%d] c.n.d.s.r.aws.ConfigClusterResolver      : Resolving eureka endpoints via configuration
2026-09-26T11:57:43.570+05:30  INFO 13228 --- [skill-swap-request-service] [rap-executor-%d] c.n.d.s.r.aws.ConfigClusterResolver      : Resolving eureka endpoints via configuration
2026-09-26T12:02:43.572+05:30  INFO 13228 --- [skill-swap-request-service] [rap-executor-%d] c.n.d.s.r.aws.ConfigClusterResolver      : Resolving eureka endpoints via configuration
2026-09-26T12:07:43.574+05:30  INFO 13228 --- [skill-swap-request-service] [rap-executor-%d] c.n.d.s.r.aws.ConfigClusterResolver      : Resolving eureka endpoints via configuration
TART
***************************

Description:

Web server failed to start. Port 8090 was already in use.

Action:

Identify and stop the process that's listening on port 8090 or configure this application to listen on another port.

[INFO] ------------------------------------------------------------------------
[INFO] BUILD FAILURE
[INFO] ------------------------------------------------------------------------
[INFO] Total time:  51.454 s
[INFO] Finished at: 2026-09-26T11:39:31+05:30
[INFO] ------------------------------------------------------------------------
[ERROR] Failed to execute goal org.springframework.boot:spring-boot-maven-plugin:4.1.1:run (default-cli) on project skill-swap-request-service: Process terminated with exit code: 1 -> [Help 1]
[ERROR] 
[ERROR] To see the full stack trace of the errors, re-run Maven with the -e switch.
[ERROR] Re-run Maven using the -X switch to enable full debug logging.
[ERROR] 
[ERROR] For more information about the errors and possible solutions, please read the following articles:
[ERROR] [Help 1] http://cwiki.apache.org/confluence/display/MAVEN/MojoExecutionException
